{
  "actor" : {
    "objectType" : "Agent",
    "mbox" : "mailto:test@example.com"
  },
  "verb" : {
    "id" : "http://example.com/planned",
    "display" : {
      "en-US" : "planned"
    }
  },
  "object" : {
    "objectType" : "SubStatement",
    "actor" : {
      "objectType" : "Agent",
      "mbox" : "mailto:test@example.com"
    },
    "verb" : {
      "id" : "http://example.com/visited",
      "display" : {
        "en-US" : "will visit"
      }
    },
    "object" : {
      "objectType" : "Activity",
      "id" : "http://example.com/website",
      "definition" : {
        "name" : {
          "en-US" : "Some Awesome Website"
        }
      }
    }
  }
}