{
  "actor" : {
    "objectType" : "Agent",
    "name" : "Keith Metellus",
    "mbox" : "mailto:Keith.Metellus@exampleonly.com"
  },
  "verb" : {
    "id" : "http://adlnet.gov/expapi/verbs/asked",
    "display" : {
      "en-US" : "asked"
    }
  },
  "object" : {
    "objectType" : "Activity",
    "id" : "act:adlnet.gov/course",
    "definition" : {
      "name" : {
        "en-US" : "course"
      },
      "description" : {
        "en-US" : "course"
      },
      "type" : "type:media"
    }
  },
  "context" : {
    "registration" : "ae2128e2-2109-45f3-af23-b27f18a64c1c",
    "contextActivities" : {
      "grouping" : [ {
        "objectType" : "Activity",
        "id" : "act:adlnet.gov/cont2"
      } ]
    }
  }
}