{
  "id" : "12345678-1234-5678-1234-567812345678",
  "actor" : {
    "objectType" : "Agent",
    "mbox" : "mailto:xapi@adlnet.gov"
  },
  "verb" : {
    "id" : "http://adlnet.gov/expapi/verbs/created",
    "display" : {
      "en-US" : "created"
    }
  },
  "object" : {
    "objectType" : "Activity",
    "id" : "http://example.adlnet.gov/xapi/example/activity"
  }
}